

processing file: KPC_copy_number_changes.Rmd
1/30                   
2/30 [setup]           
3/30                   
4/30 [unnamed-chunk-1] 
5/30                   
6/30 [unnamed-chunk-2] 
7/30                   
8/30 [unnamed-chunk-3] 
9/30                   
10/30 [unnamed-chunk-4] 
11/30                   
12/30 [unnamed-chunk-5] 
13/30                   
14/30 [unnamed-chunk-6] 
15/30                   
16/30 [unnamed-chunk-7] 
17/30                   
18/30 [unnamed-chunk-8] 
19/30                   
20/30 [unnamed-chunk-9] 
21/30                   
22/30 [unnamed-chunk-10]
23/30                   
24/30 [unnamed-chunk-11]
25/30                   
26/30 [unnamed-chunk-12]
27/30                   
28/30 [unnamed-chunk-13]
29/30                   
30/30 [unnamed-chunk-14]
output file: KPC_copy_number_changes.knit.md

/home/kgontjes/.conda/envs/tidyverse/bin/pandoc +RTS -K512m -RTS KPC_copy_number_changes.knit.md --to html4 --from markdown+autolink_bare_uris+tex_math_single_backslash --output KPC_copy_number_changes.html --lua-filter /home/kgontjes/.conda/envs/tidyverse/lib/R/library/rmarkdown/rmarkdown/lua/pagebreak.lua --lua-filter /home/kgontjes/.conda/envs/tidyverse/lib/R/library/rmarkdown/rmarkdown/lua/latex-div.lua --embed-resources --standalone --variable bs3=TRUE --section-divs --template /home/kgontjes/.conda/envs/tidyverse/lib/R/library/rmarkdown/rmd/h/default.html --no-highlight --variable highlightjs=1 --variable theme=bootstrap --mathjax --variable 'mathjax-url=https://mathjax.rstudio.com/latest/MathJax.js?config=TeX-AMS-MML_HTMLorMML' --include-in-header /tmp/RtmpbgC0nm/rmarkdown-str18fc5847f0c35c.html 

Output created: KPC_copy_number_changes.html
